main.c:817:6:StartDefaultTask	8	static
main.c:214:6:restart_packet_receive	0	static
main.c:220:9:check_packet_data_size	8	static
main.c:435:6:hedgehog_set_crc16	20	static
main.c:166:6:hedgehog_send_packet	8	static
main.c:194:6:hedgehog_send_ready_confirm	8	static
main.c:243:6:process_stream_packet	32	static
main.c:236:6:hedgehog_send_write_answer_success	0	static
main.c:267:6:process_write_packet	4	static
main.c:293:6:task_UARTman	24	static
main.c:461:6:MPU6050_Init	48	static
main.c:494:6:MPU6050_Read_Accel	40	static
main.c:517:6:MPU6050_Read_Gyro	40	static
main.c:540:6:task_AcelGyr	8	static
main.c:554:6:HMC5883L_Init	40	static
main.c:560:6:HMC5883L_Read_Mag	32	static
main.c:676:6:SystemClock_Config	88	static,ignoring_inline_asm
main.c:586:5:main	48	static,ignoring_inline_asm
main.c:836:6:HAL_TIM_PeriodElapsedCallback	0	static
main.c:853:6:Error_Handler	0	static,ignoring_inline_asm
